******************************************************************************
                  TI ARM Linker PC v20.2.7                     
******************************************************************************
>> Linked Sun Sep 22 20:37:49 2024

OUTPUT FILE NAME:   <6b.out>
ENTRY POINT SYMBOL: "_c_int00_noargs"  address: 00000539


MEMORY CONFIGURATION

         name            origin    length      used     unused   attr    fill
----------------------  --------  ---------  --------  --------  ----  --------
  FLASH                 00000000   00040000  000005b2  0003fa4e  R  X
  SRAM                  20000000   00008000  00000214  00007dec  RW X


SEGMENT ALLOCATION MAP

run origin  load origin   length   init length attrs members
----------  ----------- ---------- ----------- ----- -------
00000000    00000000    000005b4   000005b4    r-x
  00000000    00000000    0000026c   0000026c    r-- .intvecs
  0000026c    0000026c    00000322   00000322    r-x .text
  00000590    00000590    00000024   00000024    r-- .cinit
20000000    20000000    00000214   00000000    rw-
  20000000    20000000    00000200   00000000    rw- .stack
  20000200    20000200    00000014   00000000    rw- .data


SECTION ALLOCATION MAP

 output                                  attributes/
section   page    origin      length       input sections
--------  ----  ----------  ----------   ----------------
.intvecs   0    00000000    0000026c     
                  00000000    0000026c     tm4c123gh6pm_startup_ccs.obj (.intvecs)

.text      0    0000026c    00000322     
                  0000026c    00000184     main.obj (.text)
                  000003f0    0000009c     rtsv7M4_T_le_v4SPD16_eabi.lib : memcpy_t2.asm.obj (.text)
                  0000048c    00000068                                   : copy_decompress_lzss.c.obj (.text:decompress:lzss:__TI_decompress_lzss)
                  000004f4    00000044                                   : autoinit.c.obj (.text:__TI_auto_init_nobinit_nopinit:__TI_auto_init_nobinit_nopinit)
                  00000538    00000034                                   : boot_cortex_m.c.obj (.text:_c_int00_noargs:_c_int00_noargs)
                  0000056c    0000000e                                   : copy_decompress_none.c.obj (.text:decompress:none:__TI_decompress_none)
                  0000057a    0000000c     tm4c123gh6pm_startup_ccs.obj (.text)
                  00000586    00000004     rtsv7M4_T_le_v4SPD16_eabi.lib : pre_init.c.obj (.text:_system_pre_init)
                  0000058a    00000004                                   : exit.c.obj (.text:abort:abort)

.cinit     0    00000590    00000024     
                  00000590    00000013     (.cinit..data.load) [load image, compression = lzss]
                  000005a3    00000001     --HOLE-- [fill = 0]
                  000005a4    00000008     (__TI_handler_table)
                  000005ac    00000008     (__TI_cinit_table)

.init_array 
*          0    00000000    00000000     UNINITIALIZED

.data      0    20000200    00000014     UNINITIALIZED
                  20000200    00000014     main.obj (.data)

.stack     0    20000000    00000200     UNINITIALIZED
                  20000000    00000004     rtsv7M4_T_le_v4SPD16_eabi.lib : boot_cortex_m.c.obj (.stack)
                  20000004    000001fc     --HOLE--

__llvm_prf_cnts 
*          0    20000000    00000000     UNINITIALIZED

MODULE SUMMARY

       Module                         code   ro data   rw data
       ------                         ----   -------   -------
    .\
       tm4c123gh6pm_startup_ccs.obj   12     620       0      
       main.obj                       388    0         20     
    +--+------------------------------+------+---------+---------+
       Total:                         400    620       20     
                                                              
    C:\ti\ccs1271\ccs\tools\compiler\ti-cgt-arm_20.2.7.LTS\lib\rtsv7M4_T_le_v4SPD16_eabi.lib
       memcpy_t2.asm.obj              156    0         0      
       copy_decompress_lzss.c.obj     104    0         0      
       autoinit.c.obj                 68     0         0      
       boot_cortex_m.c.obj            52     0         0      
       copy_decompress_none.c.obj     14     0         0      
       exit.c.obj                     4      0         0      
       pre_init.c.obj                 4      0         0      
    +--+------------------------------+------+---------+---------+
       Total:                         402    0         0      
                                                              
       Stack:                         0      0         512    
       Linker Generated:              0      35        0      
    +--+------------------------------+------+---------+---------+
       Grand Total:                   802    655       532    


LINKER GENERATED COPY TABLES

__TI_cinit_table @ 000005ac records: 1, size/record: 8, table size: 8
	.data: load addr=00000590, load size=00000013 bytes, run addr=20000200, run size=00000014 bytes, compression=lzss


LINKER GENERATED HANDLER TABLE

__TI_handler_table @ 000005a4 records: 2, size/record: 4, table size: 8
	index: 0, handler: __TI_decompress_lzss
	index: 1, handler: __TI_decompress_none


GLOBAL SYMBOLS: SORTED ALPHABETICALLY BY Name 

address   name                          
-------   ----                          
0000058b  C$$EXIT                       
00000337  GPIO_Handler                  
0000057b  ResetISR                      
000002df  Systick_Handler               
000002cd  Systick_Init                  
20000200  __STACK_END                   
00000200  __STACK_SIZE                  
20000200  __STACK_TOP                   
000005ac  __TI_CINIT_Base               
000005b4  __TI_CINIT_Limit              
000005a4  __TI_Handler_Table_Base       
000005ac  __TI_Handler_Table_Limit      
000004f5  __TI_auto_init_nobinit_nopinit
0000048d  __TI_decompress_lzss          
0000056d  __TI_decompress_none          
ffffffff  __TI_pprof_out_hndl           
ffffffff  __TI_prof_data_size           
ffffffff  __TI_prof_data_start          
00000000  __TI_static_base__            
000003f1  __aeabi_memcpy                
000003f1  __aeabi_memcpy4               
000003f1  __aeabi_memcpy8               
ffffffff  __binit__                     
ffffffff  __c_args__                    
UNDEFED   __mpu_init                    
20000000  __stack                       
20000000  __start___llvm_prf_cnts       
20000000  __stop___llvm_prf_cnts        
00000539  _c_int00_noargs               
UNDEFED   _system_post_cinit            
00000587  _system_pre_init              
0000058b  abort                         
ffffffff  binit                         
2000020c  buttonPressed                 
20000204  count                         
20000200  dutyCycle                     
00000000  g_pfnVectors                  
00000279  init                          
0000026d  main                          
000003f1  memcpy                        
20000208  pressTime                     


GLOBAL SYMBOLS: SORTED BY Symbol Address 

address   name                          
-------   ----                          
00000000  __TI_static_base__            
00000000  g_pfnVectors                  
00000200  __STACK_SIZE                  
0000026d  main                          
00000279  init                          
000002cd  Systick_Init                  
000002df  Systick_Handler               
00000337  GPIO_Handler                  
000003f1  __aeabi_memcpy                
000003f1  __aeabi_memcpy4               
000003f1  __aeabi_memcpy8               
000003f1  memcpy                        
0000048d  __TI_decompress_lzss          
000004f5  __TI_auto_init_nobinit_nopinit
00000539  _c_int00_noargs               
0000056d  __TI_decompress_none          
0000057b  ResetISR                      
00000587  _system_pre_init              
0000058b  C$$EXIT                       
0000058b  abort                         
000005a4  __TI_Handler_Table_Base       
000005ac  __TI_CINIT_Base               
000005ac  __TI_Handler_Table_Limit      
000005b4  __TI_CINIT_Limit              
20000000  __stack                       
20000000  __start___llvm_prf_cnts       
20000000  __stop___llvm_prf_cnts        
20000200  __STACK_END                   
20000200  __STACK_TOP                   
20000200  dutyCycle                     
20000204  count                         
20000208  pressTime                     
2000020c  buttonPressed                 
ffffffff  __TI_pprof_out_hndl           
ffffffff  __TI_prof_data_size           
ffffffff  __TI_prof_data_start          
ffffffff  __binit__                     
ffffffff  __c_args__                    
ffffffff  binit                         
UNDEFED   __mpu_init                    
UNDEFED   _system_post_cinit            

[41 symbols]
